// Jest Snapshot v1, https://goo.gl/fbAQLP

exports[`empty inputs 1`] = `
Object {
  "input": "",
  "tokens": Array [],
}
`;

exports[`empty inputs 2`] = `
Object {
  "input": "[r][n]",
  "tokens": Array [
    Array [
      "NewLine",
      "[r][n]",
    ],
  ],
}
`;

exports[`white space tokens 1`] = `
Object {
  "input": " [t] abc   [r][n]def  [n]  ghi[n][r]  ",
  "tokens": Array [
    Array [
      "Spaces",
      " [t] ",
    ],
    Array [
      "Text",
      "abc",
    ],
    Array [
      "Spaces",
      "   ",
    ],
    Array [
      "NewLine",
      "[r][n]",
    ],
    Array [
      "Text",
      "def",
    ],
    Array [
      "Spaces",
      "  ",
    ],
    Array [
      "NewLine",
      "[n]",
    ],
    Array [
      "Spaces",
      "  ",
    ],
    Array [
      "Text",
      "ghi",
    ],
    Array [
      "NewLine",
      "[n]",
    ],
    Array [
      "NewLine",
      "[r]",
    ],
    Array [
      "Spaces",
      "  ",
    ],
  ],
}
`;
