// Jest Snapshot v1, https://goo.gl/fbAQLP

exports[`parseLocJson throws on invalid file 1`] = `
"The loc file is invalid. Error: Error: JSON validation failed:
test.loc.json

Error: #/foo
       Additional properties not allowed: baz"
`;
