// Jest Snapshot v1, https://goo.gl/fbAQLP

exports[`LocalizationPlugin Handles async localized and non-localized chunks with a runtime locale expression (minified): Content 1`] = `
Object {
  "/release/chunks/async-none.js": "(self.webpackChunk=self.webpackChunk||[]).push([[931],{195:()=>{console.log(\\"blah\\")}}]);",
  "/release/chunks/asyncLoc-en-us.js": "\\"use strict\\";(self.webpackChunk=self.webpackChunk||[]).push([[548],{745:(_,f,e)=>{e.r(f);console.log(\\"blah\\",\\"something else\\")}}]);",
  "/release/chunks/asyncLoc-foo.js": "\\"use strict\\";(self.webpackChunk=self.webpackChunk||[]).push([[548],{745:(_,f,e)=>{e.r(f);console.log(\\"baz\\",\\"some random translation\\")}}]);",
  "/release/main-none.js": "(()=>{var e,r,t,o={},n={};function i(e){var r=n[e];if(void 0!==r)return r.exports;var t=n[e]={exports:{}};return o[e](t,t.exports,i),t.exports}i.m=o,r=Object.getPrototypeOf?e=>Object.getPrototypeOf(e):e=>e.__proto__,i.t=function(t,o){if(1&o&&(t=this(t)),8&o)return t;if(\\"object\\"==typeof t&&t){if(4&o&&t.__esModule)return t;if(16&o&&\\"function\\"==typeof t.then)return t}var n=Object.create(null);i.r(n);var a={};e=e||[null,r({}),r([]),r(r)];for(var c=2&o&&t;\\"object\\"==typeof c&&!~e.indexOf(c);c=r(c))Object.getOwnPropertyNames(c).forEach((e=>a[e]=()=>t[e]));return a.default=()=>t,i.d(n,a),n},i.d=(e,r)=>{for(var t in r)i.o(r,t)&&!i.o(e,t)&&Object.defineProperty(e,t,{enumerable:!0,get:r[t]})},i.f={},i.e=e=>Promise.all(Object.keys(i.f).reduce(((r,t)=>(i.f[t](e,r),r)),[])),i.u=e=>\\"chunks/\\"+{548:\\"asyncLoc\\",931:\\"async\\"}[e]+\\"-\\"+({548:1}[e]?self.__locale:\\"none\\")+\\".js\\",i.g=function(){if(\\"object\\"==typeof globalThis)return globalThis;try{return this||new Function(\\"return this\\")()}catch(e){if(\\"object\\"==typeof window)return window}}(),i.o=(e,r)=>Object.prototype.hasOwnProperty.call(e,r),t={},i.l=(e,r,o,n)=>{if(t[e])t[e].push(r);else{var a,c;if(void 0!==o)for(var l=document.getElementsByTagName(\\"script\\"),u=0;u<l.length;u++){var s=l[u];if(s.getAttribute(\\"src\\")==e){a=s;break}}a||(c=!0,(a=document.createElement(\\"script\\")).charset=\\"utf-8\\",a.timeout=120,i.nc&&a.setAttribute(\\"nonce\\",i.nc),a.src=e),t[e]=[r];var f=(r,o)=>{a.onerror=a.onload=null,clearTimeout(p);var n=t[e];if(delete t[e],a.parentNode&&a.parentNode.removeChild(a),n&&n.forEach((e=>e(o))),r)return r(o)},p=setTimeout(f.bind(null,void 0,{type:\\"timeout\\",target:a}),12e4);a.onerror=f.bind(null,a.onerror),a.onload=f.bind(null,a.onload),c&&document.head.appendChild(a)}},i.r=e=>{\\"undefined\\"!=typeof Symbol&&Symbol.toStringTag&&Object.defineProperty(e,Symbol.toStringTag,{value:\\"Module\\"}),Object.defineProperty(e,\\"__esModule\\",{value:!0})},(()=>{var e;i.g.importScripts&&(e=i.g.location+\\"\\");var r=i.g.document;if(!e&&r&&(r.currentScript&&(e=r.currentScript.src),!e)){var t=r.getElementsByTagName(\\"script\\");t.length&&(e=t[t.length-1].src)}if(!e)throw new Error(\\"Automatic publicPath is not supported in this browser\\");e=e.replace(/#.*$/,\\"\\").replace(/\\\\?.*$/,\\"\\").replace(/\\\\/[^\\\\/]+$/,\\"/\\"),i.p=e})(),(()=>{var e={179:0};i.f.j=(r,t)=>{var o=i.o(e,r)?e[r]:void 0;if(0!==o)if(o)t.push(o[2]);else{var n=new Promise(((t,n)=>o=e[r]=[t,n]));t.push(o[2]=n);var a=i.p+i.u(r),c=new Error;i.l(a,(t=>{if(i.o(e,r)&&(0!==(o=e[r])&&(e[r]=void 0),o)){var n=t&&(\\"load\\"===t.type?\\"missing\\":t.type),a=t&&t.target&&t.target.src;c.message=\\"Loading chunk \\"+r+\\" failed.\\\\n(\\"+n+\\": \\"+a+\\")\\",c.name=\\"ChunkLoadError\\",c.type=n,c.request=a,o[1](c)}}),\\"chunk-\\"+r,r)}};var r=(r,t)=>{var o,n,[a,c,l]=t,u=0;if(a.some((r=>0!==e[r]))){for(o in c)i.o(c,o)&&(i.m[o]=c[o]);l&&l(i)}for(r&&r(t);u<a.length;u++)n=a[u],i.o(e,n)&&e[n]&&e[n][0](),e[n]=0},t=self.webpackChunk=self.webpackChunk||[];t.forEach(r.bind(null,0)),t.push=r.bind(null,t.push.bind(t))})(),i.e(548).then(i.bind(i,745)),i.e(931).then(i.t.bind(i,195,23))})();",
}
`;

exports[`LocalizationPlugin Handles async localized and non-localized chunks with a runtime locale expression (minified): Errors 1`] = `Array []`;

exports[`LocalizationPlugin Handles async localized and non-localized chunks with a runtime locale expression (minified): Warnings 1`] = `Array []`;

exports[`LocalizationPlugin Handles async localized and non-localized chunks with a runtime locale expression (unminified): Content 1`] = `
Object {
  "/release/chunks/async-none.js": "(self[\\"webpackChunk\\"] = self[\\"webpackChunk\\"] || []).push([[931],{

/***/ 195:
/***/ (() => {

console.log(\\"blah\\");

/***/ })

}]);",
  "/release/chunks/asyncLoc-en-us.js": "\\"use strict\\";
(self[\\"webpackChunk\\"] = self[\\"webpackChunk\\"] || []).push([[548],{

/***/ 745:
/***/ ((__unused_webpack_module, __webpack_exports__, __webpack_require__) => {

// ESM COMPAT FLAG
__webpack_require__.r(__webpack_exports__);

;// CONCATENATED MODULE: ./a/strings1.loc.json
const strings = {\\"test\\":\\"blah\\"};
/* harmony default export */ const strings1_loc = (strings);
;// CONCATENATED MODULE: ./a/strings2.loc.json
const strings2_loc_strings = {\\"another\\":\\"something else\\"};
/* harmony default export */ const strings2_loc = (strings2_loc_strings);
;// CONCATENATED MODULE: ./a/asyncLoc.js
  console.log(strings1_loc.test, strings2_loc.another);

/***/ })

}]);",
  "/release/chunks/asyncLoc-foo.js": "\\"use strict\\";
(self[\\"webpackChunk\\"] = self[\\"webpackChunk\\"] || []).push([[548],{

/***/ 745:
/***/ ((__unused_webpack_module, __webpack_exports__, __webpack_require__) => {

// ESM COMPAT FLAG
__webpack_require__.r(__webpack_exports__);

;// CONCATENATED MODULE: ./a/strings1.loc.json
const strings = {\\"test\\":\\"baz\\"};
/* harmony default export */ const strings1_loc = (strings);
;// CONCATENATED MODULE: ./a/strings2.loc.json
const strings2_loc_strings = {\\"another\\":\\"some random translation\\"};
/* harmony default export */ const strings2_loc = (strings2_loc_strings);
;// CONCATENATED MODULE: ./a/asyncLoc.js
  console.log(strings1_loc.test, strings2_loc.another);

/***/ })

}]);",
  "/release/main-none.js": "/******/ (() => { // webpackBootstrap
/******/ 	var __webpack_modules__ = ({});
/************************************************************************/
/******/ 	// The module cache
/******/ 	var __webpack_module_cache__ = {};
/******/ 	
/******/ 	// The require function
/******/ 	function __webpack_require__(moduleId) {
/******/ 		// Check if module is in cache
/******/ 		var cachedModule = __webpack_module_cache__[moduleId];
/******/ 		if (cachedModule !== undefined) {
/******/ 			return cachedModule.exports;
/******/ 		}
/******/ 		// Create a new module (and put it into the cache)
/******/ 		var module = __webpack_module_cache__[moduleId] = {
/******/ 			// no module.id needed
/******/ 			// no module.loaded needed
/******/ 			exports: {}
/******/ 		};
/******/ 	
/******/ 		// Execute the module function
/******/ 		__webpack_modules__[moduleId](module, module.exports, __webpack_require__);
/******/ 	
/******/ 		// Return the exports of the module
/******/ 		return module.exports;
/******/ 	}
/******/ 	
/******/ 	// expose the modules object (__webpack_modules__)
/******/ 	__webpack_require__.m = __webpack_modules__;
/******/ 	
/************************************************************************/
/******/ 	/* webpack/runtime/create fake namespace object */
/******/ 	(() => {
/******/ 		var getProto = Object.getPrototypeOf ? (obj) => (Object.getPrototypeOf(obj)) : (obj) => (obj.__proto__);
/******/ 		var leafPrototypes;
/******/ 		// create a fake namespace object
/******/ 		// mode & 1: value is a module id, require it
/******/ 		// mode & 2: merge all properties of value into the ns
/******/ 		// mode & 4: return value when already ns object
/******/ 		// mode & 16: return value when it's Promise-like
/******/ 		// mode & 8|1: behave like require
/******/ 		__webpack_require__.t = function(value, mode) {
/******/ 			if(mode & 1) value = this(value);
/******/ 			if(mode & 8) return value;
/******/ 			if(typeof value === 'object' && value) {
/******/ 				if((mode & 4) && value.__esModule) return value;
/******/ 				if((mode & 16) && typeof value.then === 'function') return value;
/******/ 			}
/******/ 			var ns = Object.create(null);
/******/ 			__webpack_require__.r(ns);
/******/ 			var def = {};
/******/ 			leafPrototypes = leafPrototypes || [null, getProto({}), getProto([]), getProto(getProto)];
/******/ 			for(var current = mode & 2 && value; typeof current == 'object' && !~leafPrototypes.indexOf(current); current = getProto(current)) {
/******/ 				Object.getOwnPropertyNames(current).forEach((key) => (def[key] = () => (value[key])));
/******/ 			}
/******/ 			def['default'] = () => (value);
/******/ 			__webpack_require__.d(ns, def);
/******/ 			return ns;
/******/ 		};
/******/ 	})();
/******/ 	
/******/ 	/* webpack/runtime/define property getters */
/******/ 	(() => {
/******/ 		// define getter functions for harmony exports
/******/ 		__webpack_require__.d = (exports, definition) => {
/******/ 			for(var key in definition) {
/******/ 				if(__webpack_require__.o(definition, key) && !__webpack_require__.o(exports, key)) {
/******/ 					Object.defineProperty(exports, key, { enumerable: true, get: definition[key] });
/******/ 				}
/******/ 			}
/******/ 		};
/******/ 	})();
/******/ 	
/******/ 	/* webpack/runtime/ensure chunk */
/******/ 	(() => {
/******/ 		__webpack_require__.f = {};
/******/ 		// This file contains only the entry chunk.
/******/ 		// The chunk loading function for additional chunks
/******/ 		__webpack_require__.e = (chunkId) => {
/******/ 			return Promise.all(Object.keys(__webpack_require__.f).reduce((promises, key) => {
/******/ 				__webpack_require__.f[key](chunkId, promises);
/******/ 				return promises;
/******/ 			}, []));
/******/ 		};
/******/ 	})();
/******/ 	
/******/ 	/* webpack/runtime/get javascript chunk filename */
/******/ 	(() => {
/******/ 		// This function allow to reference async chunks
/******/ 		__webpack_require__.u = (chunkId) => {
/******/ 			// return url for filenames based on template
/******/ 			return \\"chunks/\\" + {\\"548\\":\\"asyncLoc\\",\\"931\\":\\"async\\"}[chunkId] + \\"-\\" + ({\\"548\\":1}[chunkId]?self.__locale:\\"none\\") + \\".js\\";
/******/ 		};
/******/ 	})();
/******/ 	
/******/ 	/* webpack/runtime/global */
/******/ 	(() => {
/******/ 		__webpack_require__.g = (function() {
/******/ 			if (typeof globalThis === 'object') return globalThis;
/******/ 			try {
/******/ 				return this || new Function('return this')();
/******/ 			} catch (e) {
/******/ 				if (typeof window === 'object') return window;
/******/ 			}
/******/ 		})();
/******/ 	})();
/******/ 	
/******/ 	/* webpack/runtime/hasOwnProperty shorthand */
/******/ 	(() => {
/******/ 		__webpack_require__.o = (obj, prop) => (Object.prototype.hasOwnProperty.call(obj, prop))
/******/ 	})();
/******/ 	
/******/ 	/* webpack/runtime/load script */
/******/ 	(() => {
/******/ 		var inProgress = {};
/******/ 		// data-webpack is not used as build has no uniqueName
/******/ 		// loadScript function to load a script via script tag
/******/ 		__webpack_require__.l = (url, done, key, chunkId) => {
/******/ 			if(inProgress[url]) { inProgress[url].push(done); return; }
/******/ 			var script, needAttach;
/******/ 			if(key !== undefined) {
/******/ 				var scripts = document.getElementsByTagName(\\"script\\");
/******/ 				for(var i = 0; i < scripts.length; i++) {
/******/ 					var s = scripts[i];
/******/ 					if(s.getAttribute(\\"src\\") == url) { script = s; break; }
/******/ 				}
/******/ 			}
/******/ 			if(!script) {
/******/ 				needAttach = true;
/******/ 				script = document.createElement('script');
/******/ 		
/******/ 				script.charset = 'utf-8';
/******/ 				script.timeout = 120;
/******/ 				if (__webpack_require__.nc) {
/******/ 					script.setAttribute(\\"nonce\\", __webpack_require__.nc);
/******/ 				}
/******/ 		
/******/ 				script.src = url;
/******/ 			}
/******/ 			inProgress[url] = [done];
/******/ 			var onScriptComplete = (prev, event) => {
/******/ 				// avoid mem leaks in IE.
/******/ 				script.onerror = script.onload = null;
/******/ 				clearTimeout(timeout);
/******/ 				var doneFns = inProgress[url];
/******/ 				delete inProgress[url];
/******/ 				script.parentNode && script.parentNode.removeChild(script);
/******/ 				doneFns && doneFns.forEach((fn) => (fn(event)));
/******/ 				if(prev) return prev(event);
/******/ 			}
/******/ 			;
/******/ 			var timeout = setTimeout(onScriptComplete.bind(null, undefined, { type: 'timeout', target: script }), 120000);
/******/ 			script.onerror = onScriptComplete.bind(null, script.onerror);
/******/ 			script.onload = onScriptComplete.bind(null, script.onload);
/******/ 			needAttach && document.head.appendChild(script);
/******/ 		};
/******/ 	})();
/******/ 	
/******/ 	/* webpack/runtime/make namespace object */
/******/ 	(() => {
/******/ 		// define __esModule on exports
/******/ 		__webpack_require__.r = (exports) => {
/******/ 			if(typeof Symbol !== 'undefined' && Symbol.toStringTag) {
/******/ 				Object.defineProperty(exports, Symbol.toStringTag, { value: 'Module' });
/******/ 			}
/******/ 			Object.defineProperty(exports, '__esModule', { value: true });
/******/ 		};
/******/ 	})();
/******/ 	
/******/ 	/* webpack/runtime/publicPath */
/******/ 	(() => {
/******/ 		var scriptUrl;
/******/ 		if (__webpack_require__.g.importScripts) scriptUrl = __webpack_require__.g.location + \\"\\";
/******/ 		var document = __webpack_require__.g.document;
/******/ 		if (!scriptUrl && document) {
/******/ 			if (document.currentScript)
/******/ 				scriptUrl = document.currentScript.src
/******/ 			if (!scriptUrl) {
/******/ 				var scripts = document.getElementsByTagName(\\"script\\");
/******/ 				if(scripts.length) scriptUrl = scripts[scripts.length - 1].src
/******/ 			}
/******/ 		}
/******/ 		// When supporting browsers where an automatic publicPath is not supported you must specify an output.publicPath manually via configuration
/******/ 		// or pass an empty string (\\"\\") and set the __webpack_public_path__ variable from your code to use your own logic.
/******/ 		if (!scriptUrl) throw new Error(\\"Automatic publicPath is not supported in this browser\\");
/******/ 		scriptUrl = scriptUrl.replace(/#.*$/, \\"\\").replace(/\\\\?.*$/, \\"\\").replace(/\\\\/[^\\\\/]+$/, \\"/\\");
/******/ 		__webpack_require__.p = scriptUrl;
/******/ 	})();
/******/ 	
/******/ 	/* webpack/runtime/jsonp chunk loading */
/******/ 	(() => {
/******/ 		// no baseURI
/******/ 		
/******/ 		// object to store loaded and loading chunks
/******/ 		// undefined = chunk not loaded, null = chunk preloaded/prefetched
/******/ 		// [resolve, reject, Promise] = chunk loading, 0 = chunk loaded
/******/ 		var installedChunks = {
/******/ 			179: 0
/******/ 		};
/******/ 		
/******/ 		__webpack_require__.f.j = (chunkId, promises) => {
/******/ 				// JSONP chunk loading for javascript
/******/ 				var installedChunkData = __webpack_require__.o(installedChunks, chunkId) ? installedChunks[chunkId] : undefined;
/******/ 				if(installedChunkData !== 0) { // 0 means \\"already installed\\".
/******/ 		
/******/ 					// a Promise means \\"currently loading\\".
/******/ 					if(installedChunkData) {
/******/ 						promises.push(installedChunkData[2]);
/******/ 					} else {
/******/ 						if(true) { // all chunks have JS
/******/ 							// setup Promise in chunk cache
/******/ 							var promise = new Promise((resolve, reject) => (installedChunkData = installedChunks[chunkId] = [resolve, reject]));
/******/ 							promises.push(installedChunkData[2] = promise);
/******/ 		
/******/ 							// start chunk loading
/******/ 							var url = __webpack_require__.p + __webpack_require__.u(chunkId);
/******/ 							// create error before stack unwound to get useful stacktrace later
/******/ 							var error = new Error();
/******/ 							var loadingEnded = (event) => {
/******/ 								if(__webpack_require__.o(installedChunks, chunkId)) {
/******/ 									installedChunkData = installedChunks[chunkId];
/******/ 									if(installedChunkData !== 0) installedChunks[chunkId] = undefined;
/******/ 									if(installedChunkData) {
/******/ 										var errorType = event && (event.type === 'load' ? 'missing' : event.type);
/******/ 										var realSrc = event && event.target && event.target.src;
/******/ 										error.message = 'Loading chunk ' + chunkId + ' failed.\\\\n(' + errorType + ': ' + realSrc + ')';
/******/ 										error.name = 'ChunkLoadError';
/******/ 										error.type = errorType;
/******/ 										error.request = realSrc;
/******/ 										installedChunkData[1](error);
/******/ 									}
/******/ 								}
/******/ 							};
/******/ 							__webpack_require__.l(url, loadingEnded, \\"chunk-\\" + chunkId, chunkId);
/******/ 						} else installedChunks[chunkId] = 0;
/******/ 					}
/******/ 				}
/******/ 		};
/******/ 		
/******/ 		// no prefetching
/******/ 		
/******/ 		// no preloaded
/******/ 		
/******/ 		// no HMR
/******/ 		
/******/ 		// no HMR manifest
/******/ 		
/******/ 		// no on chunks loaded
/******/ 		
/******/ 		// install a JSONP callback for chunk loading
/******/ 		var webpackJsonpCallback = (parentChunkLoadingFunction, data) => {
/******/ 			var [chunkIds, moreModules, runtime] = data;
/******/ 			// add \\"moreModules\\" to the modules object,
/******/ 			// then flag all \\"chunkIds\\" as loaded and fire callback
/******/ 			var moduleId, chunkId, i = 0;
/******/ 			if(chunkIds.some((id) => (installedChunks[id] !== 0))) {
/******/ 				for(moduleId in moreModules) {
/******/ 					if(__webpack_require__.o(moreModules, moduleId)) {
/******/ 						__webpack_require__.m[moduleId] = moreModules[moduleId];
/******/ 					}
/******/ 				}
/******/ 				if(runtime) var result = runtime(__webpack_require__);
/******/ 			}
/******/ 			if(parentChunkLoadingFunction) parentChunkLoadingFunction(data);
/******/ 			for(;i < chunkIds.length; i++) {
/******/ 				chunkId = chunkIds[i];
/******/ 				if(__webpack_require__.o(installedChunks, chunkId) && installedChunks[chunkId]) {
/******/ 					installedChunks[chunkId][0]();
/******/ 				}
/******/ 				installedChunks[chunkId] = 0;
/******/ 			}
/******/ 		
/******/ 		}
/******/ 		
/******/ 		var chunkLoadingGlobal = self[\\"webpackChunk\\"] = self[\\"webpackChunk\\"] || [];
/******/ 		chunkLoadingGlobal.forEach(webpackJsonpCallback.bind(null, 0));
/******/ 		chunkLoadingGlobal.push = webpackJsonpCallback.bind(null, chunkLoadingGlobal.push.bind(chunkLoadingGlobal));
/******/ 	})();
/******/ 	
/************************************************************************/
var __webpack_exports__ = {};
__webpack_require__.e(/* import() | asyncLoc */ 548).then(__webpack_require__.bind(__webpack_require__, 745));__webpack_require__.e(/* import() | async */ 931).then(__webpack_require__.t.bind(__webpack_require__, 195, 23));
/******/ })()
;",
}
`;

exports[`LocalizationPlugin Handles async localized and non-localized chunks with a runtime locale expression (unminified): Errors 1`] = `Array []`;

exports[`LocalizationPlugin Handles async localized and non-localized chunks with a runtime locale expression (unminified): Warnings 1`] = `Array []`;
