// Jest Snapshot v1, https://goo.gl/fbAQLP

exports[`LineAlignerStream should report stdout if there is no stderr 1`] = `
Array [
  Object {
    "kind": "O",
    "text": "stdout 1
",
  },
  Object {
    "kind": "O",
    "text": "stdout 2
",
  },
]
`;
