// Jest Snapshot v1, https://goo.gl/fbAQLP

exports[`Colors writes color grid correctly 1`] = `
"X[30mX[39m[37mX[39m[90mX[39m[35mX[39m[31mX[39m[33mX[39m[32mX[39m[36mX[39m[34mX[39m
[40mX[49m[30m[40mX[49m[39m[37m[40mX[49m[39m[90m[40mX[49m[39m[35m[40mX[49m[39m[31m[40mX[49m[39m[33m[40mX[49m[39m[32m[40mX[49m[39m[36m[40mX[49m[39m[34m[40mX[49m[39m
[47mX[49m[30m[47mX[49m[39m[37m[47mX[49m[39m[90m[47mX[49m[39m[35m[47mX[49m[39m[31m[47mX[49m[39m[33m[47mX[49m[39m[32m[47mX[49m[39m[36m[47mX[49m[39m[34m[47mX[49m[39m
[100mX[49m[30m[100mX[49m[39m[37m[100mX[49m[39m[90m[100mX[49m[39m[35m[100mX[49m[39m[31m[100mX[49m[39m[33m[100mX[49m[39m[32m[100mX[49m[39m[36m[100mX[49m[39m[34m[100mX[49m[39m
[45mX[49m[30m[45mX[49m[39m[37m[45mX[49m[39m[90m[45mX[49m[39m[35m[45mX[49m[39m[31m[45mX[49m[39m[33m[45mX[49m[39m[32m[45mX[49m[39m[36m[45mX[49m[39m[34m[45mX[49m[39m
[41mX[49m[30m[41mX[49m[39m[37m[41mX[49m[39m[90m[41mX[49m[39m[35m[41mX[49m[39m[31m[41mX[49m[39m[33m[41mX[49m[39m[32m[41mX[49m[39m[36m[41mX[49m[39m[34m[41mX[49m[39m
[43mX[49m[30m[43mX[49m[39m[37m[43mX[49m[39m[90m[43mX[49m[39m[35m[43mX[49m[39m[31m[43mX[49m[39m[33m[43mX[49m[39m[32m[43mX[49m[39m[36m[43mX[49m[39m[34m[43mX[49m[39m
[42mX[49m[30m[42mX[49m[39m[37m[42mX[49m[39m[90m[42mX[49m[39m[35m[42mX[49m[39m[31m[42mX[49m[39m[33m[42mX[49m[39m[32m[42mX[49m[39m[36m[42mX[49m[39m[34m[42mX[49m[39m
[46mX[49m[30m[46mX[49m[39m[37m[46mX[49m[39m[90m[46mX[49m[39m[35m[46mX[49m[39m[31m[46mX[49m[39m[33m[46mX[49m[39m[32m[46mX[49m[39m[36m[46mX[49m[39m[34m[46mX[49m[39m
[44mX[49m[30m[44mX[49m[39m[37m[44mX[49m[39m[90m[44mX[49m[39m[35m[44mX[49m[39m[31m[44mX[49m[39m[33m[44mX[49m[39m[32m[44mX[49m[39m[36m[44mX[49m[39m[34m[44mX[49m[39m
"
`;
